******************************************************************************
             TMS320C2000 Linker PC v20.2.4                     
******************************************************************************
>> Linked Fri Jul 22 15:50:37 2022

OUTPUT FILE NAME:   <Biphase_inverter.out>
ENTRY POINT SYMBOL: "_c_int00"  address: 00008ed6


MEMORY CONFIGURATION

         name            origin    length      used     unused   attr    fill
----------------------  --------  ---------  --------  --------  ----  --------
PAGE 0:
  BEGIN                 00000000   00000002  00000002  00000000  RWIX
  RAMM0                 00000122   000002de  000002dc  00000002  RWIX
  RAMLS0                00008000   00000800  000007f9  00000007  RWIX
  RAMLS1                00008800   00000800  000007b7  00000049  RWIX
  RAMLS2                00009000   00000800  00000729  000000d7  RWIX
  RAMLS3                00009800   00000800  000001d3  0000062d  RWIX
  RAMLS4                0000a000   00000800  00000000  00000800  RWIX
  RAMD0                 0000b000   00000800  000007ff  00000001  RWIX
  RESET                 003fffc0   00000002  00000000  00000002  RWIX

PAGE 1:
  BOOT_RSVD             00000002   00000120  00000000  00000120  RWIX
  RAMM1                 00000400   00000400  00000200  00000200  RWIX
  ADCARESULT            00000b00   00000018  00000018  00000000  RWIX
  ADCBRESULT            00000b20   00000018  00000018  00000000  RWIX
  ADCCRESULT            00000b40   00000018  00000018  00000000  RWIX
  ADCDRESULT            00000b60   00000018  00000018  00000000  RWIX
  CPUTIMER0             00000c00   00000008  00000008  00000000  RWIX
  CPUTIMER1             00000c08   00000008  00000008  00000000  RWIX
  CPUTIMER2             00000c10   00000008  00000008  00000000  RWIX
  PIECTRL               00000ce0   0000001a  0000001a  00000000  RWIX
  PIEVECTTABLE          00000d00   00000200  000001c0  00000040  RWIX
  DMA                   00001000   00000200  000000e0  00000120  RWIX
  CLA1                  00001400   00000080  0000003e  00000042  RWIX
  CLB1LOGICCFG          00003000   00000052  0000003e  00000014  RWIX
  CLB1LOGICCTRL         00003100   00000040  00000040  00000000  RWIX
  CLB1DATAEXCH          00003200   00000200  00000108  000000f8  RWIX
  CLB2LOGICCFG          00003400   00000052  0000003e  00000014  RWIX
  CLB2LOGICCTRL         00003500   00000040  00000040  00000000  RWIX
  CLB2DATAEXCH          00003600   00000200  00000108  000000f8  RWIX
  CLB3LOGICCFG          00003800   00000052  0000003e  00000014  RWIX
  CLB3LOGICCTRL         00003900   00000040  00000040  00000000  RWIX
  CLB3DATAEXCH          00003a00   00000200  00000108  000000f8  RWIX
  CLB4LOGICCFG          00003c00   00000052  0000003e  00000014  RWIX
  CLB4LOGICCTRL         00003d00   00000040  00000040  00000000  RWIX
  CLB4DATAEXCH          00003e00   00000200  00000108  000000f8  RWIX
  EPWM1                 00004000   00000100  00000100  00000000  RWIX
  EPWM2                 00004100   00000100  00000100  00000000  RWIX
  EPWM3                 00004200   00000100  00000100  00000000  RWIX
  EPWM4                 00004300   00000100  00000100  00000000  RWIX
  EPWM5                 00004400   00000100  00000100  00000000  RWIX
  EPWM6                 00004500   00000100  00000100  00000000  RWIX
  EPWM7                 00004600   00000100  00000100  00000000  RWIX
  EPWM8                 00004700   00000100  00000100  00000000  RWIX
  EPWM9                 00004800   00000100  00000100  00000000  RWIX
  EPWM10                00004900   00000100  00000100  00000000  RWIX
  EPWM11                00004a00   00000100  00000100  00000000  RWIX
  EPWM12                00004b00   00000100  00000100  00000000  RWIX
  ECAP1                 00005000   00000020  0000001a  00000006  RWIX
  ECAP2                 00005020   00000020  0000001a  00000006  RWIX
  ECAP3                 00005040   00000020  0000001a  00000006  RWIX
  ECAP4                 00005060   00000020  0000001a  00000006  RWIX
  ECAP5                 00005080   00000020  0000001a  00000006  RWIX
  ECAP6                 000050a0   00000020  0000001a  00000006  RWIX
  EQEP1                 00005100   00000022  00000022  00000000  RWIX
  EQEP2                 00005140   00000022  00000022  00000000  RWIX
  EQEP3                 00005180   00000022  00000022  00000000  RWIX
  DACA                  00005c00   00000008  00000007  00000001  RWIX
  DACB                  00005c10   00000008  00000007  00000001  RWIX
  DACC                  00005c20   00000008  00000007  00000001  RWIX
  CMPSS1                00005c80   00000020  0000001b  00000005  RWIX
  CMPSS2                00005ca0   00000020  0000001b  00000005  RWIX
  CMPSS3                00005cc0   00000020  0000001b  00000005  RWIX
  CMPSS4                00005ce0   00000020  0000001b  00000005  RWIX
  CMPSS5                00005d00   00000020  0000001b  00000005  RWIX
  CMPSS6                00005d20   00000020  0000001b  00000005  RWIX
  CMPSS7                00005d40   00000020  0000001b  00000005  RWIX
  CMPSS8                00005d60   00000020  0000001b  00000005  RWIX
  SDFM1                 00005e00   00000080  00000048  00000038  RWIX
  SDFM2                 00005e80   00000080  00000048  00000038  RWIX
  MCBSPA                00006000   00000024  00000024  00000000  RWIX
  MCBSPB                00006040   00000024  00000024  00000000  RWIX
  SPIA                  00006100   00000010  00000010  00000000  RWIX
  SPIB                  00006110   00000010  00000010  00000000  RWIX
  SPIC                  00006120   00000010  00000010  00000000  RWIX
  UPP                   00006200   00000048  00000048  00000000  RWIX
  WD                    00007000   0000002b  0000002b  00000000  RWIX
  NMIINTRUPT            00007060   00000007  00000007  00000000  RWIX
  XINT                  00007070   0000000b  0000000b  00000000  RWIX
  SCIA                  00007200   00000010  00000010  00000000  RWIX
  SCIB                  00007210   00000010  00000010  00000000  RWIX
  SCIC                  00007220   00000010  00000010  00000000  RWIX
  SCID                  00007230   00000010  00000010  00000000  RWIX
  I2CA                  00007300   00000022  00000022  00000000  RWIX
  I2CB                  00007340   00000022  00000022  00000000  RWIX
  ADCA                  00007400   00000080  0000007c  00000004  RWIX
  ADCB                  00007480   00000080  0000007c  00000004  RWIX
  ADCC                  00007500   00000080  0000007c  00000004  RWIX
  ADCD                  00007580   00000080  0000007c  00000004  RWIX
  INPUTXBAR             00007900   00000020  00000020  00000000  RWIX
  XBAR                  00007920   00000020  0000000e  00000012  RWIX
  SYNCSOC               00007940   00000006  00000006  00000000  RWIX
  DMACLASRCSEL          00007980   0000001a  0000001a  00000000  RWIX
  EPWMXBAR              00007a00   00000040  00000040  00000000  RWIX
  CLBXBAR               00007a40   00000040  00000040  00000000  RWIX
  OUTPUTXBAR            00007a80   00000040  00000040  00000000  RWIX
  GPIOCTRL              00007c00   00000180  00000180  00000000  RWIX
  GPIODATA              00007f00   00000030  00000030  00000000  RWIX
  RAMLS5                0000a800   00000800  0000060e  000001f2  RWIX
  RAMD1                 0000b800   00000800  00000000  00000800  RWIX
  RAMGS0                0000c000   00001000  00000000  00001000  RWIX
  RAMGS1                0000d000   00001000  00000000  00001000  RWIX
  RAMGS2                0000e000   00001000  00000000  00001000  RWIX
  RAMGS3                0000f000   00001000  00000000  00001000  RWIX
  RAMGS4                00010000   00001000  00000000  00001000  RWIX
  RAMGS5                00011000   00001000  00000000  00001000  RWIX
  RAMGS6                00012000   00001000  00000000  00001000  RWIX
  RAMGS7                00013000   00001000  00000000  00001000  RWIX
  RAMGS8                00014000   00001000  00000000  00001000  RWIX
  RAMGS9                00015000   00001000  00000000  00001000  RWIX
  RAMGS10               00016000   00001000  00000000  00001000  RWIX
  RAMGS11               00017000   00001000  00000000  00001000  RWIX
  RAMGS12               00018000   00001000  00000000  00001000  RWIX
  RAMGS13               00019000   00001000  00000000  00001000  RWIX
  RAMGS14               0001a000   00001000  00000000  00001000  RWIX
  RAMGS15               0001b000   00001000  00000000  00001000  RWIX
  CPU2TOCPU1RAM         0003f800   00000400  00000000  00000400  RWIX
  CPU1TOCPU2RAM         0003fc00   00000400  00000000  00000400  RWIX
  EMIF1                 00047000   00000070  00000028  00000048  RWIX
  EMIF2                 00047800   00000070  00000028  00000048  RWIX
  CANA                  00048000   00000200  00000164  0000009c  RWIX
  CANB                  0004a000   00000200  00000164  0000009c  RWIX
  IPC                   00050000   00000024  00000024  00000000  RWIX
  FLASHPUMPSEMAPHORE    00050024   00000002  00000002  00000000  RWIX
  DEVCFG                0005d000   0000012e  0000012e  00000000  RWIX
  ANALOGSUBSYS          0005d180   00000048  0000003e  0000000a  RWIX
  CLKCFG                0005d200   00000032  00000032  00000000  RWIX
  CPUSYS                0005d300   00000082  00000082  00000000  RWIX
  ROMPREFETCH           0005e608   00000002  00000002  00000000  RWIX
  DCSMZ1                0005f000   00000023  00000022  00000001  RWIX
  DCSMZ2                0005f040   00000023  00000022  00000001  RWIX
  DCSMCOMMON            0005f070   00000008  00000006  00000002  RWIX
  MEMCFG                0005f400   00000080  00000076  0000000a  RWIX
  EMIF1CONFIG           0005f480   00000020  0000000a  00000016  RWIX
  EMIF2CONFIG           0005f4a0   00000020  0000000a  00000016  RWIX
  ACCESSPROTECTION      0005f4c0   00000040  0000002e  00000012  RWIX
  MEMORYERROR           0005f500   00000040  0000003a  00000006  RWIX
  ROMWAITSTATE          0005f540   00000002  00000002  00000000  RWIX
  FLASH0CTRL            0005f800   00000182  00000182  00000000  RWIX
  FLASH0ECC             0005fb00   00000028  00000028  00000000  RWIX


SECTION ALLOCATION MAP

 output                                  attributes/
section   page    origin      length       input sections
--------  ----  ----------  ----------   ----------------
codestart 
*          0    00000000    00000002     
                  00000000    00000002     F2837xD_CodeStartBranch.obj (codestart)

.cinit     0    00000122    00000143     
                  00000122    00000111     main.obj (.cinit)
                  00000233    00000014     SVPWM.obj (.cinit)
                  00000247    0000000e     rts2800_fpu32.lib : exit.c.obj (.cinit)
                  00000255    00000005                       : _lock.c.obj (.cinit:__lock)
                  0000025a    00000005                       : _lock.c.obj (.cinit:__unlock)
                  0000025f    00000004                       : errno.c.obj (.cinit)
                  00000263    00000002     --HOLE-- [fill = 0]

.TI.ramfunc 
*          0    00000265    00000004     
                  00000265    00000004     F2837xD_usDelay.obj (.TI.ramfunc)

.pinit     0    00000122    00000000     UNINITIALIZED

.reset     0    003fffc0    00000002     DSECT
                  003fffc0    00000002     rts2800_fpu32.lib : boot28.asm.obj (.reset)

.stack     1    00000400    00000200     UNINITIALIZED
                  00000400    00000200     --HOLE--

AdcaResultRegsFile 
*          1    00000b00    00000018     UNINITIALIZED
                  00000b00    00000018     F2837xD_GlobalVariableDefs.obj (AdcaResultRegsFile)

AdcbResultRegsFile 
*          1    00000b20    00000018     UNINITIALIZED
                  00000b20    00000018     F2837xD_GlobalVariableDefs.obj (AdcbResultRegsFile)

AdccResultRegsFile 
*          1    00000b40    00000018     UNINITIALIZED
                  00000b40    00000018     F2837xD_GlobalVariableDefs.obj (AdccResultRegsFile)

AdcdResultRegsFile 
*          1    00000b60    00000018     UNINITIALIZED
                  00000b60    00000018     F2837xD_GlobalVariableDefs.obj (AdcdResultRegsFile)

CpuTimer0RegsFile 
*          1    00000c00    00000008     UNINITIALIZED
                  00000c00    00000008     F2837xD_GlobalVariableDefs.obj (CpuTimer0RegsFile)

CpuTimer1RegsFile 
*          1    00000c08    00000008     UNINITIALIZED
                  00000c08    00000008     F2837xD_GlobalVariableDefs.obj (CpuTimer1RegsFile)

CpuTimer2RegsFile 
*          1    00000c10    00000008     UNINITIALIZED
                  00000c10    00000008     F2837xD_GlobalVariableDefs.obj (CpuTimer2RegsFile)

PieCtrlRegsFile 
*          1    00000ce0    0000001a     UNINITIALIZED
                  00000ce0    0000001a     F2837xD_GlobalVariableDefs.obj (PieCtrlRegsFile)

DmaRegsFile 
*          1    00001000    000000e0     UNINITIALIZED
                  00001000    000000e0     F2837xD_GlobalVariableDefs.obj (DmaRegsFile)

Cla1RegsFile 
*          1    00001400    0000003e     UNINITIALIZED
                  00001400    0000003e     F2837xD_GlobalVariableDefs.obj (Cla1RegsFile)

Clb1LogicCfgRegsFile 
*          1    00003000    0000003e     UNINITIALIZED
                  00003000    0000003e     F2837xD_GlobalVariableDefs.obj (Clb1LogicCfgRegsFile)

Clb1LogicCtrlRegsFile 
*          1    00003100    00000040     UNINITIALIZED
                  00003100    00000040     F2837xD_GlobalVariableDefs.obj (Clb1LogicCtrlRegsFile)

Clb1DataExchRegsFile 
*          1    00003200    00000108     UNINITIALIZED
                  00003200    00000108     F2837xD_GlobalVariableDefs.obj (Clb1DataExchRegsFile)

Clb2LogicCfgRegsFile 
*          1    00003400    0000003e     UNINITIALIZED
                  00003400    0000003e     F2837xD_GlobalVariableDefs.obj (Clb2LogicCfgRegsFile)

Clb2LogicCtrlRegsFile 
*          1    00003500    00000040     UNINITIALIZED
                  00003500    00000040     F2837xD_GlobalVariableDefs.obj (Clb2LogicCtrlRegsFile)

Clb2DataExchRegsFile 
*          1    00003600    00000108     UNINITIALIZED
                  00003600    00000108     F2837xD_GlobalVariableDefs.obj (Clb2DataExchRegsFile)

Clb3LogicCfgRegsFile 
*          1    00003800    0000003e     UNINITIALIZED
                  00003800    0000003e     F2837xD_GlobalVariableDefs.obj (Clb3LogicCfgRegsFile)

Clb3LogicCtrlRegsFile 
*          1    00003900    00000040     UNINITIALIZED
                  00003900    00000040     F2837xD_GlobalVariableDefs.obj (Clb3LogicCtrlRegsFile)

Clb3DataExchRegsFile 
*          1    00003a00    00000108     UNINITIALIZED
                  00003a00    00000108     F2837xD_GlobalVariableDefs.obj (Clb3DataExchRegsFile)

Clb4LogicCfgRegsFile 
*          1    00003c00    0000003e     UNINITIALIZED
                  00003c00    0000003e     F2837xD_GlobalVariableDefs.obj (Clb4LogicCfgRegsFile)

Clb4LogicCtrlRegsFile 
*          1    00003d00    00000040     UNINITIALIZED
                  00003d00    00000040     F2837xD_GlobalVariableDefs.obj (Clb4LogicCtrlRegsFile)

Clb4DataExchRegsFile 
*          1    00003e00    00000108     UNINITIALIZED
                  00003e00    00000108     F2837xD_GlobalVariableDefs.obj (Clb4DataExchRegsFile)

EPwm1RegsFile 
*          1    00004000    00000100     UNINITIALIZED
                  00004000    00000100     F2837xD_GlobalVariableDefs.obj (EPwm1RegsFile)

EPwm2RegsFile 
*          1    00004100    00000100     UNINITIALIZED
                  00004100    00000100     F2837xD_GlobalVariableDefs.obj (EPwm2RegsFile)

EPwm3RegsFile 
*          1    00004200    00000100     UNINITIALIZED
                  00004200    00000100     F2837xD_GlobalVariableDefs.obj (EPwm3RegsFile)

EPwm4RegsFile 
*          1    00004300    00000100     UNINITIALIZED
                  00004300    00000100     F2837xD_GlobalVariableDefs.obj (EPwm4RegsFile)

EPwm5RegsFile 
*          1    00004400    00000100     UNINITIALIZED
                  00004400    00000100     F2837xD_GlobalVariableDefs.obj (EPwm5RegsFile)

EPwm6RegsFile 
*          1    00004500    00000100     UNINITIALIZED
                  00004500    00000100     F2837xD_GlobalVariableDefs.obj (EPwm6RegsFile)

EPwm7RegsFile 
*          1    00004600    00000100     UNINITIALIZED
                  00004600    00000100     F2837xD_GlobalVariableDefs.obj (EPwm7RegsFile)

EPwm8RegsFile 
*          1    00004700    00000100     UNINITIALIZED
                  00004700    00000100     F2837xD_GlobalVariableDefs.obj (EPwm8RegsFile)

EPwm9RegsFile 
*          1    00004800    00000100     UNINITIALIZED
                  00004800    00000100     F2837xD_GlobalVariableDefs.obj (EPwm9RegsFile)

EPwm10RegsFile 
*          1    00004900    00000100     UNINITIALIZED
                  00004900    00000100     F2837xD_GlobalVariableDefs.obj (EPwm10RegsFile)

EPwm11RegsFile 
*          1    00004a00    00000100     UNINITIALIZED
                  00004a00    00000100     F2837xD_GlobalVariableDefs.obj (EPwm11RegsFile)

EPwm12RegsFile 
*          1    00004b00    00000100     UNINITIALIZED
                  00004b00    00000100     F2837xD_GlobalVariableDefs.obj (EPwm12RegsFile)

ECap1RegsFile 
*          1    00005000    0000001a     UNINITIALIZED
                  00005000    0000001a     F2837xD_GlobalVariableDefs.obj (ECap1RegsFile)

ECap2RegsFile 
*          1    00005020    0000001a     UNINITIALIZED
                  00005020    0000001a     F2837xD_GlobalVariableDefs.obj (ECap2RegsFile)

ECap3RegsFile 
*          1    00005040    0000001a     UNINITIALIZED
                  00005040    0000001a     F2837xD_GlobalVariableDefs.obj (ECap3RegsFile)

ECap4RegsFile 
*          1    00005060    0000001a     UNINITIALIZED
                  00005060    0000001a     F2837xD_GlobalVariableDefs.obj (ECap4RegsFile)

ECap5RegsFile 
*          1    00005080    0000001a     UNINITIALIZED
                  00005080    0000001a     F2837xD_GlobalVariableDefs.obj (ECap5RegsFile)

ECap6RegsFile 
*          1    000050a0    0000001a     UNINITIALIZED
                  000050a0    0000001a     F2837xD_GlobalVariableDefs.obj (ECap6RegsFile)

EQep1RegsFile 
*          1    00005100    00000022     UNINITIALIZED
                  00005100    00000022     F2837xD_GlobalVariableDefs.obj (EQep1RegsFile)

EQep2RegsFile 
*          1    00005140    00000022     UNINITIALIZED
                  00005140    00000022     F2837xD_GlobalVariableDefs.obj (EQep2RegsFile)

EQep3RegsFile 
*          1    00005180    00000022     UNINITIALIZED
                  00005180    00000022     F2837xD_GlobalVariableDefs.obj (EQep3RegsFile)

DacaRegsFile 
*          1    00005c00    00000007     UNINITIALIZED
                  00005c00    00000007     F2837xD_GlobalVariableDefs.obj (DacaRegsFile)

DacbRegsFile 
*          1    00005c10    00000007     UNINITIALIZED
                  00005c10    00000007     F2837xD_GlobalVariableDefs.obj (DacbRegsFile)

DaccRegsFile 
*          1    00005c20    00000007     UNINITIALIZED
                  00005c20    00000007     F2837xD_GlobalVariableDefs.obj (DaccRegsFile)

Cmpss1RegsFile 
*          1    00005c80    0000001b     UNINITIALIZED
                  00005c80    0000001b     F2837xD_GlobalVariableDefs.obj (Cmpss1RegsFile)

Cmpss2RegsFile 
*          1    00005ca0    0000001b     UNINITIALIZED
                  00005ca0    0000001b     F2837xD_GlobalVariableDefs.obj (Cmpss2RegsFile)

Cmpss3RegsFile 
*          1    00005cc0    0000001b     UNINITIALIZED
                  00005cc0    0000001b     F2837xD_GlobalVariableDefs.obj (Cmpss3RegsFile)

Cmpss4RegsFile 
*          1    00005ce0    0000001b     UNINITIALIZED
                  00005ce0    0000001b     F2837xD_GlobalVariableDefs.obj (Cmpss4RegsFile)

Cmpss5RegsFile 
*          1    00005d00    0000001b     UNINITIALIZED
                  00005d00    0000001b     F2837xD_GlobalVariableDefs.obj (Cmpss5RegsFile)

Cmpss6RegsFile 
*          1    00005d20    0000001b     UNINITIALIZED
                  00005d20    0000001b     F2837xD_GlobalVariableDefs.obj (Cmpss6RegsFile)

Cmpss7RegsFile 
*          1    00005d40    0000001b     UNINITIALIZED
                  00005d40    0000001b     F2837xD_GlobalVariableDefs.obj (Cmpss7RegsFile)

Cmpss8RegsFile 
*          1    00005d60    0000001b     UNINITIALIZED
                  00005d60    0000001b     F2837xD_GlobalVariableDefs.obj (Cmpss8RegsFile)

Sdfm1RegsFile 
*          1    00005e00    00000048     UNINITIALIZED
                  00005e00    00000048     F2837xD_GlobalVariableDefs.obj (Sdfm1RegsFile)

Sdfm2RegsFile 
*          1    00005e80    00000048     UNINITIALIZED
                  00005e80    00000048     F2837xD_GlobalVariableDefs.obj (Sdfm2RegsFile)

McbspaRegsFile 
*          1    00006000    00000024     UNINITIALIZED
                  00006000    00000024     F2837xD_GlobalVariableDefs.obj (McbspaRegsFile)

McbspbRegsFile 
*          1    00006040    00000024     UNINITIALIZED
                  00006040    00000024     F2837xD_GlobalVariableDefs.obj (McbspbRegsFile)

SpiaRegsFile 
*          1    00006100    00000010     UNINITIALIZED
                  00006100    00000010     F2837xD_GlobalVariableDefs.obj (SpiaRegsFile)

SpibRegsFile 
*          1    00006110    00000010     UNINITIALIZED
                  00006110    00000010     F2837xD_GlobalVariableDefs.obj (SpibRegsFile)

SpicRegsFile 
*          1    00006120    00000010     UNINITIALIZED
                  00006120    00000010     F2837xD_GlobalVariableDefs.obj (SpicRegsFile)

UppRegsFile 
*          1    00006200    00000048     UNINITIALIZED
                  00006200    00000048     F2837xD_GlobalVariableDefs.obj (UppRegsFile)

WdRegsFile 
*          1    00007000    0000002b     UNINITIALIZED
                  00007000    0000002b     F2837xD_GlobalVariableDefs.obj (WdRegsFile)

NmiIntruptRegsFile 
*          1    00007060    00000007     UNINITIALIZED
                  00007060    00000007     F2837xD_GlobalVariableDefs.obj (NmiIntruptRegsFile)

XintRegsFile 
*          1    00007070    0000000b     UNINITIALIZED
                  00007070    0000000b     F2837xD_GlobalVariableDefs.obj (XintRegsFile)

SciaRegsFile 
*          1    00007200    00000010     UNINITIALIZED
                  00007200    00000010     F2837xD_GlobalVariableDefs.obj (SciaRegsFile)

ScibRegsFile 
*          1    00007210    00000010     UNINITIALIZED
                  00007210    00000010     F2837xD_GlobalVariableDefs.obj (ScibRegsFile)

ScicRegsFile 
*          1    00007220    00000010     UNINITIALIZED
                  00007220    00000010     F2837xD_GlobalVariableDefs.obj (ScicRegsFile)

ScidRegsFile 
*          1    00007230    00000010     UNINITIALIZED
                  00007230    00000010     F2837xD_GlobalVariableDefs.obj (ScidRegsFile)

I2caRegsFile 
*          1    00007300    00000022     UNINITIALIZED
                  00007300    00000022     F2837xD_GlobalVariableDefs.obj (I2caRegsFile)

I2cbRegsFile 
*          1    00007340    00000022     UNINITIALIZED
                  00007340    00000022     F2837xD_GlobalVariableDefs.obj (I2cbRegsFile)

AdcaRegsFile 
*          1    00007400    0000007c     UNINITIALIZED
                  00007400    0000007c     F2837xD_GlobalVariableDefs.obj (AdcaRegsFile)

AdcbRegsFile 
*          1    00007480    0000007c     UNINITIALIZED
                  00007480    0000007c     F2837xD_GlobalVariableDefs.obj (AdcbRegsFile)

AdccRegsFile 
*          1    00007500    0000007c     UNINITIALIZED
                  00007500    0000007c     F2837xD_GlobalVariableDefs.obj (AdccRegsFile)

AdcdRegsFile 
*          1    00007580    0000007c     UNINITIALIZED
                  00007580    0000007c     F2837xD_GlobalVariableDefs.obj (AdcdRegsFile)

InputXbarRegsFile 
*          1    00007900    00000020     UNINITIALIZED
                  00007900    00000020     F2837xD_GlobalVariableDefs.obj (InputXbarRegsFile)

XbarRegsFile 
*          1    00007920    0000000e     UNINITIALIZED
                  00007920    0000000e     F2837xD_GlobalVariableDefs.obj (XbarRegsFile)

SyncSocRegsFile 
*          1    00007940    00000006     UNINITIALIZED
                  00007940    00000006     F2837xD_GlobalVariableDefs.obj (SyncSocRegsFile)

DmaClaSrcSelRegsFile 
*          1    00007980    0000001a     UNINITIALIZED
                  00007980    0000001a     F2837xD_GlobalVariableDefs.obj (DmaClaSrcSelRegsFile)

EPwmXbarRegsFile 
*          1    00007a00    00000040     UNINITIALIZED
                  00007a00    00000040     F2837xD_GlobalVariableDefs.obj (EPwmXbarRegsFile)

ClbXbarRegsFile 
*          1    00007a40    00000040     UNINITIALIZED
                  00007a40    00000040     F2837xD_GlobalVariableDefs.obj (ClbXbarRegsFile)

OutputXbarRegsFile 
*          1    00007a80    00000040     UNINITIALIZED
                  00007a80    00000040     F2837xD_GlobalVariableDefs.obj (OutputXbarRegsFile)

GpioCtrlRegsFile 
*          1    00007c00    00000180     UNINITIALIZED
                  00007c00    00000180     F2837xD_GlobalVariableDefs.obj (GpioCtrlRegsFile)

GpioDataRegsFile 
*          1    00007f00    00000030     UNINITIALIZED
                  00007f00    00000030     F2837xD_GlobalVariableDefs.obj (GpioDataRegsFile)

.ebss      1    0000a800    000003fa     UNINITIALIZED
                  0000a800    00000190     main.obj (.ebss:_plot2)
                  0000a990    00000018     F2837xD_CpuTimers.obj (.ebss)
                  0000a9a8    00000014     SVPWM.obj (.ebss)
                  0000a9bc    00000002     rts2800_fpu32.lib : _lock.c.obj (.ebss:__lock)
                  0000a9be    00000002                       : _lock.c.obj (.ebss:__unlock)
                  0000a9c0    00000190     main.obj (.ebss:_plot)
                  0000ab50    00000006     rts2800_fpu32.lib : exit.c.obj (.ebss)
                  0000ab56    00000001                       : errno.c.obj (.ebss)
                  0000ab57    00000029     --HOLE--
                  0000ab80    0000007a     main.obj (.ebss)

.econst    1    0000abfa    00000214     
                  0000abfa    000001c0     F2837xD_PieVect.obj (.econst:_PieVectTableInit)
                  0000adba    00000032     rts2800_fpu32.lib : e_powf.c.obj (.econst)
                  0000adec    00000010                       : e_acosf.c.obj (.econst)
                  0000adfc    00000006                       : s_scalbnf.c.obj (.econst)
                  0000ae02    00000004                       : e_powf.c.obj (.econst:_bp)
                  0000ae06    00000004                       : e_powf.c.obj (.econst:_dp_h)
                  0000ae0a    00000004                       : e_powf.c.obj (.econst:_dp_l)

GETBUFFER 
*          0    0003f800    00000000     DSECT

GETWRITEIDX 
*          0    0003f800    00000000     DSECT

PUTREADIDX 
*          0    0003f800    00000000     DSECT

PieVectTableFile 
*          1    00000d00    000001c0     UNINITIALIZED
                  00000d00    000001c0     F2837xD_GlobalVariableDefs.obj (PieVectTableFile)

EmuKeyVar 
*          1    00000d00    00000000     UNINITIALIZED

EmuBModeVar 
*          1    00000d00    00000000     UNINITIALIZED

EmuBootPinsVar 
*          1    00000d00    00000000     UNINITIALIZED

FlashCallbackVar 
*          1    00000d00    00000000     UNINITIALIZED

FlashScalingVar 
*          1    00000d00    00000000     UNINITIALIZED

Emif1RegsFile 
*          1    00047000    00000028     UNINITIALIZED
                  00047000    00000028     F2837xD_GlobalVariableDefs.obj (Emif1RegsFile)

Emif2RegsFile 
*          1    00047800    00000028     UNINITIALIZED
                  00047800    00000028     F2837xD_GlobalVariableDefs.obj (Emif2RegsFile)

CanaRegsFile 
*          1    00048000    00000164     UNINITIALIZED
                  00048000    00000164     F2837xD_GlobalVariableDefs.obj (CanaRegsFile)

CanbRegsFile 
*          1    0004a000    00000164     UNINITIALIZED
                  0004a000    00000164     F2837xD_GlobalVariableDefs.obj (CanbRegsFile)

IpcRegsFile 
*          1    00050000    00000024     UNINITIALIZED
                  00050000    00000024     F2837xD_GlobalVariableDefs.obj (IpcRegsFile)

FlashPumpSemaphoreRegsFile 
*          1    00050024    00000002     UNINITIALIZED
                  00050024    00000002     F2837xD_GlobalVariableDefs.obj (FlashPumpSemaphoreRegsFile)

DevCfgRegsFile 
*          1    0005d000    0000012e     UNINITIALIZED
                  0005d000    0000012e     F2837xD_GlobalVariableDefs.obj (DevCfgRegsFile)

AnalogSubsysRegsFile 
*          1    0005d180    0000003e     UNINITIALIZED
                  0005d180    0000003e     F2837xD_GlobalVariableDefs.obj (AnalogSubsysRegsFile)

ClkCfgRegsFile 
*          1    0005d200    00000032     UNINITIALIZED
                  0005d200    00000032     F2837xD_GlobalVariableDefs.obj (ClkCfgRegsFile)

CpuSysRegsFile 
*          1    0005d300    00000082     UNINITIALIZED
                  0005d300    00000082     F2837xD_GlobalVariableDefs.obj (CpuSysRegsFile)

DcsmZ1RegsFile 
*          1    0005f000    00000022     UNINITIALIZED
                  0005f000    00000022     F2837xD_GlobalVariableDefs.obj (DcsmZ1RegsFile)

DcsmZ2RegsFile 
*          1    0005f040    00000022     UNINITIALIZED
                  0005f040    00000022     F2837xD_GlobalVariableDefs.obj (DcsmZ2RegsFile)

DcsmCommonRegsFile 
*          1    0005f070    00000006     UNINITIALIZED
                  0005f070    00000006     F2837xD_GlobalVariableDefs.obj (DcsmCommonRegsFile)

MemCfgRegsFile 
*          1    0005f400    00000076     UNINITIALIZED
                  0005f400    00000076     F2837xD_GlobalVariableDefs.obj (MemCfgRegsFile)

Emif1ConfigRegsFile 
*          1    0005f480    0000000a     UNINITIALIZED
                  0005f480    0000000a     F2837xD_GlobalVariableDefs.obj (Emif1ConfigRegsFile)

Emif2ConfigRegsFile 
*          1    0005f4a0    0000000a     UNINITIALIZED
                  0005f4a0    0000000a     F2837xD_GlobalVariableDefs.obj (Emif2ConfigRegsFile)

AccessProtectionRegsFile 
*          1    0005f4c0    0000002e     UNINITIALIZED
                  0005f4c0    0000002e     F2837xD_GlobalVariableDefs.obj (AccessProtectionRegsFile)

MemoryErrorRegsFile 
*          1    0005f500    0000003a     UNINITIALIZED
                  0005f500    0000003a     F2837xD_GlobalVariableDefs.obj (MemoryErrorRegsFile)

Flash0CtrlRegsFile 
*          1    0005f800    00000182     UNINITIALIZED
                  0005f800    00000182     F2837xD_GlobalVariableDefs.obj (Flash0CtrlRegsFile)

Flash0EccRegsFile 
*          1    0005fb00    00000028     UNINITIALIZED
                  0005fb00    00000028     F2837xD_GlobalVariableDefs.obj (Flash0EccRegsFile)

RomPrefetchRegsFile 
*          1    0005e608    00000002     UNINITIALIZED
                  0005e608    00000002     F2837xD_GlobalVariableDefs.obj (RomPrefetchRegsFile)

RomWaitStateRegsFile 
*          1    0005f540    00000002     UNINITIALIZED
                  0005f540    00000002     F2837xD_GlobalVariableDefs.obj (RomWaitStateRegsFile)

.text.1    0    0000026a    00000195     
                  0000026a    00000101     rts2800_fpu32.lib : e_acosf.c.obj (.text)
                  0000036b    00000088                       : fs_div28.asm.obj (.text)
                  000003f3    00000009                       : _lock.c.obj (.text)
                  000003fc    00000002                       : pre_init.c.obj (.text)
                  000003fe    00000001                       : startup.c.obj (.text)

.text.2    0    00008000    000007f9     
                  00008000    00000585     F2837xD_DefaultISR.obj (.text:retain)
                  00008585    00000244     F2837xD_Gpio.obj (.text)
                  000087c9    00000028     F2837xD_PieCtrl.obj (.text)
                  000087f1    00000008     F2837xD_CodeStartBranch.obj (.text)

.text.3    0    00008800    000007b7     
                  00008800    000004aa     F2837xD_SysCtrl.obj (.text)
                  00008caa    000001d4     Peripheral_Setup.obj (.text)
                  00008e7e    00000058     rts2800_fpu32.lib : s_scalbnf.c.obj (.text)
                  00008ed6    00000056                       : boot28.asm.obj (.text)
                  00008f2c    00000027                       : e_sqrtf.c.obj (.text)
                  00008f53    00000024                       : cpy_tbl.c.obj (.text)
                  00008f77    0000001d                       : memcpy.c.obj (.text)
                  00008f94    00000012                       : args_main.c.obj (.text)
                  00008fa6    00000011                       : s_copysignf.c.obj (.text)

.text.4    0    00009000    00000729     
                  00009000    000003c0     main.obj (.text)
                  000093c0    00000369     rts2800_fpu32.lib : e_powf.c.obj (.text)

.text.5    0    00009800    000001d3     
                  00009800    000001d3     main.obj (.text:retain)

.text.6    0    0000b000    000007ff     
                  0000b000    00000644     SVPWM.obj (.text)
                  0000b644    000000f0     F2837xD_Adc.obj (.text)
                  0000b734    0000007c     F2837xD_CpuTimers.obj (.text)
                  0000b7b0    00000029     rts2800_fpu32.lib : exit.c.obj (.text)
                  0000b7d9    00000026     F2837xD_PieVect.obj (.text)

MODULE SUMMARY

       Module                           code   initialized data   uninitialized data
       ------                           ----   ----------------   ------------------
    .\
       F2837xD_GlobalVariableDefs.obj   0      0                  9854              
       main.obj                         1427   273                922               
       SVPWM.obj                        1604   20                 20                
       F2837xD_DefaultISR.obj           1413   0                  0                 
       F2837xD_SysCtrl.obj              1194   0                  0                 
       F2837xD_Gpio.obj                 580    0                  0                 
       F2837xD_PieVect.obj              38     448                0                 
       Peripheral_Setup.obj             468    0                  0                 
       F2837xD_Adc.obj                  240    0                  0                 
       F2837xD_CpuTimers.obj            124    0                  24                
       F2837xD_PieCtrl.obj              40     0                  0                 
       F2837xD_CodeStartBranch.obj      10     0                  0                 
       F2837xD_usDelay.obj              4      0                  0                 
    +--+--------------------------------+------+------------------+--------------------+
       Total:                           7142   741                10820             
                                                                                    
    D:\ti\ccs1011\ccs\tools\compiler\ti-cgt-c2000_20.2.4.LTS\lib\rts2800_fpu32.lib
       e_powf.c.obj                     873    62                 0                 
       e_acosf.c.obj                    257    16                 0                 
       fs_div28.asm.obj                 136    0                  0                 
       s_scalbnf.c.obj                  88     6                  0                 
       boot28.asm.obj                   86     0                  0                 
       exit.c.obj                       41     14                 6                 
       e_sqrtf.c.obj                    39     0                  0                 
       cpy_tbl.c.obj                    36     0                  0                 
       memcpy.c.obj                     29     0                  0                 
       _lock.c.obj                      9      10                 4                 
       args_main.c.obj                  18     0                  0                 
       s_copysignf.c.obj                17     0                  0                 
       errno.c.obj                      0      4                  1                 
       pre_init.c.obj                   2      0                  0                 
       startup.c.obj                    1      0                  0                 
    +--+--------------------------------+------+------------------+--------------------+
       Total:                           1632   112                11                
                                                                                    
       Stack:                           0      0                  512               
    +--+--------------------------------+------+------------------+--------------------+
       Grand Total:                     8774   853                11343             


GLOBAL DATA SYMBOLS: SORTED BY DATA PAGE

address     data page           name
--------    ----------------    ----
00000400      10 (00000400)     __stack

00000b00      2c (00000b00)     _AdcaResultRegs
00000b20      2c (00000b00)     _AdcbResultRegs

00000b40      2d (00000b40)     _AdccResultRegs
00000b60      2d (00000b40)     _AdcdResultRegs

00000c00      30 (00000c00)     _CpuTimer0Regs
00000c08      30 (00000c00)     _CpuTimer1Regs
00000c10      30 (00000c00)     _CpuTimer2Regs

00000ce0      33 (00000cc0)     _PieCtrlRegs

00000d00      34 (00000d00)     _PieVectTable

00001000      40 (00001000)     _DmaRegs

00001400      50 (00001400)     _Cla1Regs

00003000      c0 (00003000)     _Clb1LogicCfgRegs

00003100      c4 (00003100)     _Clb1LogicCtrlRegs

00003200      c8 (00003200)     _Clb1DataExchRegs

00003400      d0 (00003400)     _Clb2LogicCfgRegs

00003500      d4 (00003500)     _Clb2LogicCtrlRegs

00003600      d8 (00003600)     _Clb2DataExchRegs

00003800      e0 (00003800)     _Clb3LogicCfgRegs

00003900      e4 (00003900)     _Clb3LogicCtrlRegs

00003a00      e8 (00003a00)     _Clb3DataExchRegs

00003c00      f0 (00003c00)     _Clb4LogicCfgRegs

00003d00      f4 (00003d00)     _Clb4LogicCtrlRegs

00003e00      f8 (00003e00)     _Clb4DataExchRegs

00004000     100 (00004000)     _EPwm1Regs

00004100     104 (00004100)     _EPwm2Regs

00004200     108 (00004200)     _EPwm3Regs

00004300     10c (00004300)     _EPwm4Regs

00004400     110 (00004400)     _EPwm5Regs

00004500     114 (00004500)     _EPwm6Regs

00004600     118 (00004600)     _EPwm7Regs

00004700     11c (00004700)     _EPwm8Regs

00004800     120 (00004800)     _EPwm9Regs

00004900     124 (00004900)     _EPwm10Regs

00004a00     128 (00004a00)     _EPwm11Regs

00004b00     12c (00004b00)     _EPwm12Regs

00005000     140 (00005000)     _ECap1Regs
00005020     140 (00005000)     _ECap2Regs

00005040     141 (00005040)     _ECap3Regs
00005060     141 (00005040)     _ECap4Regs

00005080     142 (00005080)     _ECap5Regs
000050a0     142 (00005080)     _ECap6Regs

00005100     144 (00005100)     _EQep1Regs

00005140     145 (00005140)     _EQep2Regs

00005180     146 (00005180)     _EQep3Regs

00005c00     170 (00005c00)     _DacaRegs
00005c10     170 (00005c00)     _DacbRegs
00005c20     170 (00005c00)     _DaccRegs

00005c80     172 (00005c80)     _Cmpss1Regs
00005ca0     172 (00005c80)     _Cmpss2Regs

00005cc0     173 (00005cc0)     _Cmpss3Regs
00005ce0     173 (00005cc0)     _Cmpss4Regs

00005d00     174 (00005d00)     _Cmpss5Regs
00005d20     174 (00005d00)     _Cmpss6Regs

00005d40     175 (00005d40)     _Cmpss7Regs
00005d60     175 (00005d40)     _Cmpss8Regs

00005e00     178 (00005e00)     _Sdfm1Regs

00005e80     17a (00005e80)     _Sdfm2Regs

00006000     180 (00006000)     _McbspaRegs

00006040     181 (00006040)     _McbspbRegs

00006100     184 (00006100)     _SpiaRegs
00006110     184 (00006100)     _SpibRegs
00006120     184 (00006100)     _SpicRegs

00006200     188 (00006200)     _UppRegs

00007000     1c0 (00007000)     _WdRegs

00007060     1c1 (00007040)     _NmiIntruptRegs
00007070     1c1 (00007040)     _XintRegs

00007200     1c8 (00007200)     _SciaRegs
00007210     1c8 (00007200)     _ScibRegs
00007220     1c8 (00007200)     _ScicRegs
00007230     1c8 (00007200)     _ScidRegs

00007300     1cc (00007300)     _I2caRegs

00007340     1cd (00007340)     _I2cbRegs

00007400     1d0 (00007400)     _AdcaRegs

00007480     1d2 (00007480)     _AdcbRegs

00007500     1d4 (00007500)     _AdccRegs

00007580     1d6 (00007580)     _AdcdRegs

00007900     1e4 (00007900)     _InputXbarRegs
00007920     1e4 (00007900)     _XbarRegs

00007940     1e5 (00007940)     _SyncSocRegs

00007980     1e6 (00007980)     _DmaClaSrcSelRegs

00007a00     1e8 (00007a00)     _EPwmXbarRegs

00007a40     1e9 (00007a40)     _ClbXbarRegs

00007a80     1ea (00007a80)     _OutputXbarRegs

00007c00     1f0 (00007c00)     _GpioCtrlRegs

00007f00     1fc (00007f00)     _GpioDataRegs

0000a800     2a0 (0000a800)     _plot2

0000a990     2a6 (0000a980)     _CpuTimer0
0000a998     2a6 (0000a980)     _CpuTimer1
0000a9a0     2a6 (0000a980)     _CpuTimer2
0000a9bc     2a6 (0000a980)     __lock
0000a9be     2a6 (0000a980)     __unlock

0000a9c0     2a7 (0000a9c0)     _plot

0000ab50     2ad (0000ab40)     ___TI_enable_exit_profile_output
0000ab52     2ad (0000ab40)     ___TI_cleanup_ptr
0000ab54     2ad (0000ab40)     ___TI_dtors_ptr
0000ab56     2ad (0000ab40)     _errno

0000ab80     2ae (0000ab80)     _send
0000ab81     2ae (0000ab80)     _turn_off_command
0000ab82     2ae (0000ab80)     _turn_on_command
0000ab83     2ae (0000ab80)     _set_new_ref
0000ab84     2ae (0000ab80)     _calibration
0000ab85     2ae (0000ab80)     _turnon_calibration
0000ab86     2ae (0000ab80)     _new_pos
0000ab87     2ae (0000ab80)     _old_pos
0000ab88     2ae (0000ab80)     _index_cal
0000ab89     2ae (0000ab80)     _flag_Ra_OK
0000ab8a     2ae (0000ab80)     _flag_Rb_OK
0000ab8b     2ae (0000ab80)     _flag_AC
0000ab8c     2ae (0000ab80)     _eNewEvent
0000ab8d     2ae (0000ab80)     _eNextState
0000ab8e     2ae (0000ab80)     _TS_RefGen
0000ab90     2ae (0000ab80)     _adc1
0000ab92     2ae (0000ab80)     _adc2
0000ab94     2ae (0000ab80)     _adc3
0000ab96     2ae (0000ab80)     _sensor_1
0000ab98     2ae (0000ab80)     _sensor_2
0000ab9a     2ae (0000ab80)     _w_nom
0000ab9c     2ae (0000ab80)     _new_amp
0000ab9e     2ae (0000ab80)     _new_f
0000aba0     2ae (0000ab80)     _Imax
0000aba2     2ae (0000ab80)     _soma
0000aba4     2ae (0000ab80)     _frequencia
0000aba6     2ae (0000ab80)     _wma
0000aba8     2ae (0000ab80)     _wmb
0000abaa     2ae (0000ab80)     _wmc
0000abac     2ae (0000ab80)     _modulo
0000abae     2ae (0000ab80)     _V_alpha
0000abb0     2ae (0000ab80)     _V_beta
0000abb2     2ae (0000ab80)     _teta
0000abb4     2ae (0000ab80)     _delta_pos
0000abb6     2ae (0000ab80)     _rpm
0000abb8     2ae (0000ab80)     _avg_rpm
0000abba     2ae (0000ab80)     _index_rpm
0000abbc     2ae (0000ab80)     _period
0000abbe     2ae (0000ab80)     _p_adc

0000abc0     2af (0000abc0)     _avg_plot
0000abc2     2af (0000abc0)     _sum_avg
0000abc4     2af (0000abc0)     _p_adc2
0000abc6     2af (0000abc0)     _avg_plot2
0000abc8     2af (0000abc0)     _sum_avg2
0000abca     2af (0000abc0)     _index
0000abcc     2af (0000abc0)     _Ts
0000abce     2af (0000abc0)     _offset1
0000abd0     2af (0000abc0)     _offset2
0000abd2     2af (0000abc0)     _offset3
0000abd4     2af (0000abc0)     _v_ref
0000abd6     2af (0000abc0)     _v_bus
0000abd8     2af (0000abc0)     _rgen
0000abfa     2af (0000abc0)     _PieVectTableInit

00047000    11c0 (00047000)     _Emif1Regs

00047800    11e0 (00047800)     _Emif2Regs

00048000    1200 (00048000)     _CanaRegs

0004a000    1280 (0004a000)     _CanbRegs

00050000    1400 (00050000)     _IpcRegs
00050024    1400 (00050000)     _FlashPumpSemaphoreRegs

0005d000    1740 (0005d000)     _DevCfgRegs

0005d180    1746 (0005d180)     _AnalogSubsysRegs

0005d200    1748 (0005d200)     _ClkCfgRegs

0005d300    174c (0005d300)     _CpuSysRegs

0005e608    1798 (0005e600)     _RomPrefetchRegs

0005f000    17c0 (0005f000)     _DcsmZ1Regs

0005f040    17c1 (0005f040)     _DcsmZ2Regs
0005f070    17c1 (0005f040)     _DcsmCommonRegs

0005f400    17d0 (0005f400)     _MemCfgRegs

0005f480    17d2 (0005f480)     _Emif1ConfigRegs
0005f4a0    17d2 (0005f480)     _Emif2ConfigRegs

0005f4c0    17d3 (0005f4c0)     _AccessProtectionRegs

0005f500    17d4 (0005f500)     _MemoryErrorRegs

0005f540    17d5 (0005f540)     _RomWaitStateRegs

0005f800    17e0 (0005f800)     _Flash0CtrlRegs

0005fb00    17ec (0005fb00)     _Flash0EccRegs


GLOBAL SYMBOLS: SORTED ALPHABETICALLY BY Name 

page  address   name                                  
----  -------   ----                                  
abs   ffffffff  .text                                 
0     0000b7b0  C$$EXIT                               
0     0000036b  FS$$DIV                               
0     000080be  _ADCA1_ISR                            
0     0000833e  _ADCA2_ISR                            
0     00008348  _ADCA3_ISR                            
0     00008352  _ADCA4_ISR                            
0     00008334  _ADCA_EVT_ISR                         
0     000080c8  _ADCB1_ISR                            
0     00008366  _ADCB2_ISR                            
0     00008370  _ADCB3_ISR                            
0     0000837a  _ADCB4_ISR                            
0     0000835c  _ADCB_EVT_ISR                         
0     000080d2  _ADCC1_ISR                            
0     000084ce  _ADCC2_ISR                            
0     000084d8  _ADCC3_ISR                            
0     000084e2  _ADCC4_ISR                            
0     000084c4  _ADCC_EVT_ISR                         
0     000080f0  _ADCD1_ISR                            
0     000084f6  _ADCD2_ISR                            
0     00008500  _ADCD3_ISR                            
0     0000850a  _ADCD4_ISR                            
0     000084ec  _ADCD_EVT_ISR                         
0     00008546  _AUX_PLL_SLIP_ISR                     
1     0005f4c0  _AccessProtectionRegs                 
0     0000b644  _AdcSetMode                           
1     00007400  _AdcaRegs                             
1     00000b00  _AdcaResultRegs                       
1     00007480  _AdcbRegs                             
1     00000b20  _AdcbResultRegs                       
1     00007500  _AdccRegs                             
1     00000b40  _AdccResultRegs                       
1     00007580  _AdcdRegs                             
1     00000b60  _AdcdResultRegs                       
1     0005d180  _AnalogSubsysRegs                     
0     00008c39  _AuxAuxClkSel                         
0     00008c23  _AuxIntOsc2Sel                        
0     00008c2d  _AuxXtalOscSel                        
0     0000830c  _CANA0_ISR                            
0     00008316  _CANA1_ISR                            
0     00008320  _CANB0_ISR                            
0     0000832a  _CANB1_ISR                            
0     00008384  _CLA1_1_ISR                           
0     0000838e  _CLA1_2_ISR                           
0     00008398  _CLA1_3_ISR                           
0     000083a2  _CLA1_4_ISR                           
0     000083ac  _CLA1_5_ISR                           
0     000083b6  _CLA1_6_ISR                           
0     000083c0  _CLA1_7_ISR                           
0     000083ca  _CLA1_8_ISR                           
0     00008550  _CLA_OVERFLOW_ISR                     
0     0000855a  _CLA_UNDERFLOW_ISR                    
0     0000b6fa  _CalAdcINL                            
0     00009396  _Calc_RPM                             
1     00048000  _CanaRegs                             
1     0004a000  _CanbRegs                             
1     00001400  _Cla1Regs                             
1     00003200  _Clb1DataExchRegs                     
1     00003000  _Clb1LogicCfgRegs                     
1     00003100  _Clb1LogicCtrlRegs                    
1     00003600  _Clb2DataExchRegs                     
1     00003400  _Clb2LogicCfgRegs                     
1     00003500  _Clb2LogicCtrlRegs                    
1     00003a00  _Clb3DataExchRegs                     
1     00003800  _Clb3LogicCfgRegs                     
1     00003900  _Clb3LogicCtrlRegs                    
1     00003e00  _Clb4DataExchRegs                     
1     00003c00  _Clb4LogicCfgRegs                     
1     00003d00  _Clb4LogicCtrlRegs                    
1     00007a40  _ClbXbarRegs                          
1     0005d200  _ClkCfgRegs                           
1     00005c80  _Cmpss1Regs                           
1     00005ca0  _Cmpss2Regs                           
1     00005cc0  _Cmpss3Regs                           
1     00005ce0  _Cmpss4Regs                           
1     00005d00  _Cmpss5Regs                           
1     00005d20  _Cmpss6Regs                           
1     00005d40  _Cmpss7Regs                           
1     00005d60  _Cmpss8Regs                           
0     0000b775  _ConfigCpuTimer                       
0     00008c8d  _ConfigureTMXAnalogTrim               
1     0005d300  _CpuSysRegs                           
1     0000a990  _CpuTimer0                            
1     00000c00  _CpuTimer0Regs                        
1     0000a998  _CpuTimer1                            
1     00000c08  _CpuTimer1Regs                        
1     0000a9a0  _CpuTimer2                            
1     00000c10  _CpuTimer2Regs                        
0     00008bce  _CsmUnlock                            
0     00008014  _DATALOG_ISR                          
0     00008258  _DMA_CH1_ISR                          
0     00008262  _DMA_CH2_ISR                          
0     0000826c  _DMA_CH3_ISR                          
0     00008276  _DMA_CH4_ISR                          
0     00008280  _DMA_CH5_ISR                          
0     0000828a  _DMA_CH6_ISR                          
1     00005c00  _DacaRegs                             
1     00005c10  _DacbRegs                             
1     00005c20  _DaccRegs                             
1     0005f070  _DcsmCommonRegs                       
1     0005f000  _DcsmZ1Regs                           
1     0005f040  _DcsmZ2Regs                           
1     0005d000  _DevCfgRegs                           
0     000088e3  _DisableDog                           
0     000088a4  _DisablePeripheralClocks              
1     00007980  _DmaClaSrcSelRegs                     
1     00001000  _DmaRegs                              
0     000081ae  _ECAP1_ISR                            
0     000081b8  _ECAP2_ISR                            
0     000081c2  _ECAP3_ISR                            
0     000081cc  _ECAP4_ISR                            
0     000081d6  _ECAP5_ISR                            
0     000081e0  _ECAP6_ISR                            
1     00005000  _ECap1Regs                            
1     00005020  _ECap2Regs                            
1     00005040  _ECap3Regs                            
1     00005060  _ECap4Regs                            
1     00005080  _ECap5Regs                            
1     000050a0  _ECap6Regs                            
0     00008514  _EMIF_ERROR_ISR                       
0     0000856e  _EMPTY_ISR                            
0     00008028  _EMU_ISR                              
0     0000846a  _EPWM10_ISR                           
0     00008442  _EPWM10_TZ_ISR                        
0     00008474  _EPWM11_ISR                           
0     0000844c  _EPWM11_TZ_ISR                        
0     0000847e  _EPWM12_ISR                           
0     00008456  _EPWM12_TZ_ISR                        
0     0000815e  _EPWM1_ISR                            
0     0000810e  _EPWM1_TZ_ISR                         
0     00008168  _EPWM2_ISR                            
0     00008118  _EPWM2_TZ_ISR                         
0     00008172  _EPWM3_ISR                            
0     00008122  _EPWM3_TZ_ISR                         
0     0000817c  _EPWM4_ISR                            
0     0000812c  _EPWM4_TZ_ISR                         
0     00008186  _EPWM5_ISR                            
0     00008136  _EPWM5_TZ_ISR                         
0     00008190  _EPWM6_ISR                            
0     00008140  _EPWM6_TZ_ISR                         
0     0000819a  _EPWM7_ISR                            
0     0000814a  _EPWM7_TZ_ISR                         
0     000081a4  _EPWM8_ISR                            
0     00008154  _EPWM8_TZ_ISR                         
0     00008460  _EPWM9_ISR                            
0     00008438  _EPWM9_TZ_ISR                         
1     00004900  _EPwm10Regs                           
1     00004a00  _EPwm11Regs                           
1     00004b00  _EPwm12Regs                           
1     00004000  _EPwm1Regs                            
1     00004100  _EPwm2Regs                            
1     00004200  _EPwm3Regs                            
1     00004300  _EPwm4Regs                            
1     00004400  _EPwm5Regs                            
1     00004500  _EPwm6Regs                            
1     00004600  _EPwm7Regs                            
1     00004700  _EPwm8Regs                            
1     00004800  _EPwm9Regs                            
1     00007a00  _EPwmXbarRegs                         
0     000081ea  _EQEP1_ISR                            
0     000081f4  _EQEP2_ISR                            
0     000081fe  _EQEP3_ISR                            
1     00005100  _EQep1Regs                            
1     00005140  _EQep2Regs                            
1     00005180  _EQep3Regs                            
1     0005f480  _Emif1ConfigRegs                      
1     00047000  _Emif1Regs                            
1     0005f4a0  _Emif2ConfigRegs                      
1     00047800  _Emif2Regs                            
0     000087e8  _EnableInterrupts                     
0     00000265  _F28x_usDelay                         
0     00008528  _FLASH_CORRECTABLE_ERROR_ISR          
0     000083fc  _FPU_OVERFLOW_ISR                     
0     00008406  _FPU_UNDERFLOW_ISR                    
1     0005f800  _Flash0CtrlRegs                       
1     0005fb00  _Flash0EccRegs                        
1     00050024  _FlashPumpSemaphoreRegs               
0     0000877e  _GPIO_EnableUnbondedIOPullups         
0     00008759  _GPIO_EnableUnbondedIOPullupsFor100Pin
0     00008740  _GPIO_EnableUnbondedIOPullupsFor176Pin
0     00008794  _GPIO_ReadPin                         
0     000086e5  _GPIO_SetupLock                       
0     000085c5  _GPIO_SetupPinMux                     
0     00008651  _GPIO_SetupPinOptions                 
0     0000870e  _GPIO_SetupXINT1Gpio                  
0     00008718  _GPIO_SetupXINT2Gpio                  
0     00008722  _GPIO_SetupXINT3Gpio                  
0     0000872c  _GPIO_SetupXINT4Gpio                  
0     00008736  _GPIO_SetupXINT5Gpio                  
0     000087ab  _GPIO_WritePin                        
1     00007c00  _GpioCtrlRegs                         
1     00007f00  _GpioDataRegs                         
0     00008c57  _HALT                                 
0     00008c70  _HIB                                  
0     0000829e  _I2CA_FIFO_ISR                        
0     00008294  _I2CA_ISR                             
0     000082b2  _I2CB_FIFO_ISR                        
0     000082a8  _I2CB_ISR                             
1     00007300  _I2caRegs                             
1     00007340  _I2cbRegs                             
0     00008c43  _IDLE                                 
0     0000803c  _ILLEGAL_ISR                          
0     00008410  _IPC0_ISR                             
0     0000841a  _IPC1_ISR                             
0     00008424  _IPC2_ISR                             
0     0000842e  _IPC3_ISR                             
1     0000aba0  _Imax                                 
0     00008adf  _InitAuxPll                           
0     0000b734  _InitCpuTimers                        
0     00008585  _InitGpio                             
0     00008820  _InitPeripheralClocks                 
0     000087c9  _InitPieCtrl                          
0     0000b7d9  _InitPieVectTable                     
0     00008800  _InitSysCtrl                          
0     000088f1  _InitSysPll                           
1     00007900  _InputXbarRegs                        
1     00050000  _IpcRegs                              
0     00008230  _MCBSPA_RX_ISR                        
0     0000823a  _MCBSPA_TX_ISR                        
0     00008244  _MCBSPB_RX_ISR                        
0     0000824e  _MCBSPB_TX_ISR                        
1     00006000  _McbspaRegs                           
1     00006040  _McbspbRegs                           
1     0005f400  _MemCfgRegs                           
1     0005f500  _MemoryErrorRegs                      
0     00008032  _NMI_ISR                              
0     0000857b  _NOTUSED_ISR                          
1     00007060  _NmiIntruptRegs                       
1     00007a80  _OutputXbarRegs                       
0     00008564  _PIE_RESERVED_ISR                     
1     00000ce0  _PieCtrlRegs                          
1     00000d00  _PieVectTable                         
1     0000abfa  _PieVectTableInit                     
0     00008532  _RAM_ACCESS_VIOLATION_ISR             
0     0000851e  _RAM_CORRECTABLE_ERROR_ISR            
0     0000801e  _RTOS_ISR                             
0     0000923d  _ReadEvent                            
0     000088cb  _ReleaseFlashPump                     
1     0005e608  _RomPrefetchRegs                      
1     0005f540  _RomWaitStateRegs                     
0     000082e4  _SCIA_RX_ISR                          
0     000082ee  _SCIA_TX_ISR                          
0     000082f8  _SCIB_RX_ISR                          
0     00008302  _SCIB_TX_ISR                          
0     000082bc  _SCIC_RX_ISR                          
0     000082c6  _SCIC_TX_ISR                          
0     000082d0  _SCID_RX_ISR                          
0     000082da  _SCID_TX_ISR                          
0     00008488  _SD1_ISR                              
0     00008492  _SD2_ISR                              
0     00008208  _SPIA_RX_ISR                          
0     00008212  _SPIA_TX_ISR                          
0     0000821c  _SPIB_RX_ISR                          
0     00008226  _SPIB_TX_ISR                          
0     0000849c  _SPIC_RX_ISR                          
0     000084a6  _SPIC_TX_ISR                          
0     00008c4c  _STANDBY                              
0     0000853c  _SYS_PLL_SLIP_ISR                     
1     00007200  _SciaRegs                             
1     00007210  _ScibRegs                             
1     00007220  _ScicRegs                             
1     00007230  _ScidRegs                             
1     00005e00  _Sdfm1Regs                            
1     00005e80  _Sdfm2Regs                            
0     000088bc  _SeizeFlashPump                       
0     000088d5  _ServiceDog                           
0     00008def  _Setup_ADC                            
0     00008e5c  _Setup_DAC                            
0     00008caa  _Setup_GPIO                           
0     00008cfa  _Setup_PWM                            
0     00008e5d  _Setup_eQEP                           
1     00006100  _SpiaRegs                             
1     00006110  _SpibRegs                             
1     00006120  _SpicRegs                             
1     00007940  _SyncSocRegs                          
0     00008bef  _SysIntOsc1Sel                        
0     00008bff  _SysIntOsc2Sel                        
0     00008c13  _SysXtalOscSel                        
0     000080fa  _TIMER0_ISR                           
0     00008000  _TIMER1_ISR                           
0     0000800a  _TIMER2_ISR                           
1     0000ab8e  _TS_RefGen                            
1     0000abcc  _Ts                                   
0     000084b0  _UPPA_ISR                             
0     000084ba  _USBA_ISR                             
0     000080a0  _USER10_ISR                           
0     000080aa  _USER11_ISR                           
0     000080b4  _USER12_ISR                           
0     00008046  _USER1_ISR                            
0     00008050  _USER2_ISR                            
0     0000805a  _USER3_ISR                            
0     00008064  _USER4_ISR                            
0     0000806e  _USER5_ISR                            
0     00008078  _USER6_ISR                            
0     00008082  _USER7_ISR                            
0     0000808c  _USER8_ISR                            
0     00008096  _USER9_ISR                            
1     00006200  _UppRegs                              
0     000083f2  _VCU_ISR                              
1     0000abae  _V_alpha                              
1     0000abb0  _V_beta                               
0     00008104  _WAKE_ISR                             
1     00007000  _WdRegs                               
0     000080dc  _XINT1_ISR                            
0     000080e6  _XINT2_ISR                            
0     000083d4  _XINT3_ISR                            
0     000083de  _XINT4_ISR                            
0     000083e8  _XINT5_ISR                            
1     00007920  _XbarRegs                             
1     00007070  _XintRegs                             
1     00000600  __STACK_END                           
abs   00000200  __STACK_SIZE                          
1     0000ab52  ___TI_cleanup_ptr                     
1     0000ab54  ___TI_dtors_ptr                       
1     0000ab50  ___TI_enable_exit_profile_output      
abs   ffffffff  ___TI_pprof_out_hndl                  
abs   ffffffff  ___TI_prof_data_size                  
abs   ffffffff  ___TI_prof_data_start                 
abs   ffffffff  ___binit__                            
abs   ffffffff  ___c_args__                           
0     00000122  ___cinit__                            
abs   ffffffff  ___etext__                            
abs   ffffffff  ___pinit__                            
abs   ffffffff  ___text__                             
0     00008f94  __args_main                           
1     0000a9bc  __lock                                
0     000003fb  __nop                                 
0     000003f7  __register_lock                       
0     000003f3  __register_unlock                     
1     00000400  __stack                               
0     000003fe  __system_post_cinit                   
0     000003fc  __system_pre_init                     
1     0000a9be  __unlock                              
0     0000b7b0  _abort                                
0     0000026a  _acos                                 
0     0000026a  _acosf                                
1     0000ab90  _adc1                                 
1     0000ab92  _adc2                                 
1     0000ab94  _adc3                                 
1     0000abc0  _avg_plot                             
1     0000abc6  _avg_plot2                            
1     0000abb8  _avg_rpm                              
0     00008ed6  _c_int00                              
1     0000ab84  _calibration                          
0     00008f53  _copy_in                              
0     00008fa6  _copysign                             
0     00008fa6  _copysignf                            
1     0000abb4  _delta_pos                            
1     0000ab8c  _eNewEvent                            
1     0000ab8d  _eNextState                           
0     000091d3  _end_init_goto_ON                     
1     0000ab56  _errno                                
0     0000b7b2  _exit                                 
1     0000ab8b  _flag_AC                              
1     0000ab89  _flag_Ra_OK                           
1     0000ab8a  _flag_Rb_OK                           
1     0000aba4  _frequencia                           
0     0000922e  _goto_CALIBRATION                     
0     000091fc  _goto_OFF                             
0     0000921f  _goto_STOPPED                         
0     00009210  _goto_error                           
1     0000abca  _index                                
1     0000ab88  _index_cal                            
1     0000abba  _index_rpm                            
0     000091d1  _ini                                  
0     0000935a  _initialization                       
0     00009800  _isr_adc                              
0     0000990a  _isr_cpu_timer0                       
0     00008e7e  _ldexp                                
0     00008e7e  _ldexpf                               
0     000092d9  _main                                 
0     00008f77  _memcpy                               
1     0000abac  _modulo                               
1     0000ab9c  _new_amp                              
1     0000ab9e  _new_f                                
1     0000ab86  _new_pos                              
1     0000abce  _offset1                              
1     0000abd0  _offset2                              
1     0000abd2  _offset3                              
1     0000ab87  _old_pos                              
1     0000abbe  _p_adc                                
1     0000abc4  _p_adc2                               
1     0000abbc  _period                               
1     0000a9c0  _plot                                 
1     0000a800  _plot2                                
0     000093c0  _pow                                  
0     000093c0  _powf                                 
1     0000abd8  _rgen                                 
1     0000abb6  _rpm                                  
0     00008e7e  _scalbn                               
0     00008e7e  _scalbnf                              
1     0000ab80  _send                                 
1     0000ab96  _sensor_1                             
1     0000ab98  _sensor_2                             
1     0000ab83  _set_new_ref                          
1     0000aba2  _soma                                 
0     00008f2c  _sqrt                                 
0     00008f2c  _sqrtf                                
1     0000abc2  _sum_avg                              
1     0000abc8  _sum_avg2                             
0     0000b31c  _svpwm                                
0     0000b033  _svpwm_bi                             
1     0000abb2  _teta                                 
1     0000ab81  _turn_off_command                     
1     0000ab82  _turn_on_command                      
1     0000ab85  _turnon_calibration                   
1     0000abd6  _v_bus                                
1     0000abd4  _v_ref                                
1     0000ab9a  _w_nom                                
1     0000aba6  _wma                                  
1     0000aba8  _wmb                                  
1     0000abaa  _wmc                                  
abs   ffffffff  binit                                 
0     00000122  cinit                                 
0     00000000  code_start                            
abs   ffffffff  etext                                 
abs   ffffffff  pinit                                 


GLOBAL SYMBOLS: SORTED BY Symbol Address 

page  address   name                                  
----  -------   ----                                  
0     00000000  code_start                            
0     00000122  ___cinit__                            
0     00000122  cinit                                 
0     00000265  _F28x_usDelay                         
0     0000026a  _acos                                 
0     0000026a  _acosf                                
0     0000036b  FS$$DIV                               
0     000003f3  __register_unlock                     
0     000003f7  __register_lock                       
0     000003fb  __nop                                 
0     000003fc  __system_pre_init                     
0     000003fe  __system_post_cinit                   
0     00008000  _TIMER1_ISR                           
0     0000800a  _TIMER2_ISR                           
0     00008014  _DATALOG_ISR                          
0     0000801e  _RTOS_ISR                             
0     00008028  _EMU_ISR                              
0     00008032  _NMI_ISR                              
0     0000803c  _ILLEGAL_ISR                          
0     00008046  _USER1_ISR                            
0     00008050  _USER2_ISR                            
0     0000805a  _USER3_ISR                            
0     00008064  _USER4_ISR                            
0     0000806e  _USER5_ISR                            
0     00008078  _USER6_ISR                            
0     00008082  _USER7_ISR                            
0     0000808c  _USER8_ISR                            
0     00008096  _USER9_ISR                            
0     000080a0  _USER10_ISR                           
0     000080aa  _USER11_ISR                           
0     000080b4  _USER12_ISR                           
0     000080be  _ADCA1_ISR                            
0     000080c8  _ADCB1_ISR                            
0     000080d2  _ADCC1_ISR                            
0     000080dc  _XINT1_ISR                            
0     000080e6  _XINT2_ISR                            
0     000080f0  _ADCD1_ISR                            
0     000080fa  _TIMER0_ISR                           
0     00008104  _WAKE_ISR                             
0     0000810e  _EPWM1_TZ_ISR                         
0     00008118  _EPWM2_TZ_ISR                         
0     00008122  _EPWM3_TZ_ISR                         
0     0000812c  _EPWM4_TZ_ISR                         
0     00008136  _EPWM5_TZ_ISR                         
0     00008140  _EPWM6_TZ_ISR                         
0     0000814a  _EPWM7_TZ_ISR                         
0     00008154  _EPWM8_TZ_ISR                         
0     0000815e  _EPWM1_ISR                            
0     00008168  _EPWM2_ISR                            
0     00008172  _EPWM3_ISR                            
0     0000817c  _EPWM4_ISR                            
0     00008186  _EPWM5_ISR                            
0     00008190  _EPWM6_ISR                            
0     0000819a  _EPWM7_ISR                            
0     000081a4  _EPWM8_ISR                            
0     000081ae  _ECAP1_ISR                            
0     000081b8  _ECAP2_ISR                            
0     000081c2  _ECAP3_ISR                            
0     000081cc  _ECAP4_ISR                            
0     000081d6  _ECAP5_ISR                            
0     000081e0  _ECAP6_ISR                            
0     000081ea  _EQEP1_ISR                            
0     000081f4  _EQEP2_ISR                            
0     000081fe  _EQEP3_ISR                            
0     00008208  _SPIA_RX_ISR                          
0     00008212  _SPIA_TX_ISR                          
0     0000821c  _SPIB_RX_ISR                          
0     00008226  _SPIB_TX_ISR                          
0     00008230  _MCBSPA_RX_ISR                        
0     0000823a  _MCBSPA_TX_ISR                        
0     00008244  _MCBSPB_RX_ISR                        
0     0000824e  _MCBSPB_TX_ISR                        
0     00008258  _DMA_CH1_ISR                          
0     00008262  _DMA_CH2_ISR                          
0     0000826c  _DMA_CH3_ISR                          
0     00008276  _DMA_CH4_ISR                          
0     00008280  _DMA_CH5_ISR                          
0     0000828a  _DMA_CH6_ISR                          
0     00008294  _I2CA_ISR                             
0     0000829e  _I2CA_FIFO_ISR                        
0     000082a8  _I2CB_ISR                             
0     000082b2  _I2CB_FIFO_ISR                        
0     000082bc  _SCIC_RX_ISR                          
0     000082c6  _SCIC_TX_ISR                          
0     000082d0  _SCID_RX_ISR                          
0     000082da  _SCID_TX_ISR                          
0     000082e4  _SCIA_RX_ISR                          
0     000082ee  _SCIA_TX_ISR                          
0     000082f8  _SCIB_RX_ISR                          
0     00008302  _SCIB_TX_ISR                          
0     0000830c  _CANA0_ISR                            
0     00008316  _CANA1_ISR                            
0     00008320  _CANB0_ISR                            
0     0000832a  _CANB1_ISR                            
0     00008334  _ADCA_EVT_ISR                         
0     0000833e  _ADCA2_ISR                            
0     00008348  _ADCA3_ISR                            
0     00008352  _ADCA4_ISR                            
0     0000835c  _ADCB_EVT_ISR                         
0     00008366  _ADCB2_ISR                            
0     00008370  _ADCB3_ISR                            
0     0000837a  _ADCB4_ISR                            
0     00008384  _CLA1_1_ISR                           
0     0000838e  _CLA1_2_ISR                           
0     00008398  _CLA1_3_ISR                           
0     000083a2  _CLA1_4_ISR                           
0     000083ac  _CLA1_5_ISR                           
0     000083b6  _CLA1_6_ISR                           
0     000083c0  _CLA1_7_ISR                           
0     000083ca  _CLA1_8_ISR                           
0     000083d4  _XINT3_ISR                            
0     000083de  _XINT4_ISR                            
0     000083e8  _XINT5_ISR                            
0     000083f2  _VCU_ISR                              
0     000083fc  _FPU_OVERFLOW_ISR                     
0     00008406  _FPU_UNDERFLOW_ISR                    
0     00008410  _IPC0_ISR                             
0     0000841a  _IPC1_ISR                             
0     00008424  _IPC2_ISR                             
0     0000842e  _IPC3_ISR                             
0     00008438  _EPWM9_TZ_ISR                         
0     00008442  _EPWM10_TZ_ISR                        
0     0000844c  _EPWM11_TZ_ISR                        
0     00008456  _EPWM12_TZ_ISR                        
0     00008460  _EPWM9_ISR                            
0     0000846a  _EPWM10_ISR                           
0     00008474  _EPWM11_ISR                           
0     0000847e  _EPWM12_ISR                           
0     00008488  _SD1_ISR                              
0     00008492  _SD2_ISR                              
0     0000849c  _SPIC_RX_ISR                          
0     000084a6  _SPIC_TX_ISR                          
0     000084b0  _UPPA_ISR                             
0     000084ba  _USBA_ISR                             
0     000084c4  _ADCC_EVT_ISR                         
0     000084ce  _ADCC2_ISR                            
0     000084d8  _ADCC3_ISR                            
0     000084e2  _ADCC4_ISR                            
0     000084ec  _ADCD_EVT_ISR                         
0     000084f6  _ADCD2_ISR                            
0     00008500  _ADCD3_ISR                            
0     0000850a  _ADCD4_ISR                            
0     00008514  _EMIF_ERROR_ISR                       
0     0000851e  _RAM_CORRECTABLE_ERROR_ISR            
0     00008528  _FLASH_CORRECTABLE_ERROR_ISR          
0     00008532  _RAM_ACCESS_VIOLATION_ISR             
0     0000853c  _SYS_PLL_SLIP_ISR                     
0     00008546  _AUX_PLL_SLIP_ISR                     
0     00008550  _CLA_OVERFLOW_ISR                     
0     0000855a  _CLA_UNDERFLOW_ISR                    
0     00008564  _PIE_RESERVED_ISR                     
0     0000856e  _EMPTY_ISR                            
0     0000857b  _NOTUSED_ISR                          
0     00008585  _InitGpio                             
0     000085c5  _GPIO_SetupPinMux                     
0     00008651  _GPIO_SetupPinOptions                 
0     000086e5  _GPIO_SetupLock                       
0     0000870e  _GPIO_SetupXINT1Gpio                  
0     00008718  _GPIO_SetupXINT2Gpio                  
0     00008722  _GPIO_SetupXINT3Gpio                  
0     0000872c  _GPIO_SetupXINT4Gpio                  
0     00008736  _GPIO_SetupXINT5Gpio                  
0     00008740  _GPIO_EnableUnbondedIOPullupsFor176Pin
0     00008759  _GPIO_EnableUnbondedIOPullupsFor100Pin
0     0000877e  _GPIO_EnableUnbondedIOPullups         
0     00008794  _GPIO_ReadPin                         
0     000087ab  _GPIO_WritePin                        
0     000087c9  _InitPieCtrl                          
0     000087e8  _EnableInterrupts                     
0     00008800  _InitSysCtrl                          
0     00008820  _InitPeripheralClocks                 
0     000088a4  _DisablePeripheralClocks              
0     000088bc  _SeizeFlashPump                       
0     000088cb  _ReleaseFlashPump                     
0     000088d5  _ServiceDog                           
0     000088e3  _DisableDog                           
0     000088f1  _InitSysPll                           
0     00008adf  _InitAuxPll                           
0     00008bce  _CsmUnlock                            
0     00008bef  _SysIntOsc1Sel                        
0     00008bff  _SysIntOsc2Sel                        
0     00008c13  _SysXtalOscSel                        
0     00008c23  _AuxIntOsc2Sel                        
0     00008c2d  _AuxXtalOscSel                        
0     00008c39  _AuxAuxClkSel                         
0     00008c43  _IDLE                                 
0     00008c4c  _STANDBY                              
0     00008c57  _HALT                                 
0     00008c70  _HIB                                  
0     00008c8d  _ConfigureTMXAnalogTrim               
0     00008caa  _Setup_GPIO                           
0     00008cfa  _Setup_PWM                            
0     00008def  _Setup_ADC                            
0     00008e5c  _Setup_DAC                            
0     00008e5d  _Setup_eQEP                           
0     00008e7e  _ldexp                                
0     00008e7e  _ldexpf                               
0     00008e7e  _scalbn                               
0     00008e7e  _scalbnf                              
0     00008ed6  _c_int00                              
0     00008f2c  _sqrt                                 
0     00008f2c  _sqrtf                                
0     00008f53  _copy_in                              
0     00008f77  _memcpy                               
0     00008f94  __args_main                           
0     00008fa6  _copysign                             
0     00008fa6  _copysignf                            
0     000091d1  _ini                                  
0     000091d3  _end_init_goto_ON                     
0     000091fc  _goto_OFF                             
0     00009210  _goto_error                           
0     0000921f  _goto_STOPPED                         
0     0000922e  _goto_CALIBRATION                     
0     0000923d  _ReadEvent                            
0     000092d9  _main                                 
0     0000935a  _initialization                       
0     00009396  _Calc_RPM                             
0     000093c0  _pow                                  
0     000093c0  _powf                                 
0     00009800  _isr_adc                              
0     0000990a  _isr_cpu_timer0                       
0     0000b033  _svpwm_bi                             
0     0000b31c  _svpwm                                
0     0000b644  _AdcSetMode                           
0     0000b6fa  _CalAdcINL                            
0     0000b734  _InitCpuTimers                        
0     0000b775  _ConfigCpuTimer                       
0     0000b7b0  C$$EXIT                               
0     0000b7b0  _abort                                
0     0000b7b2  _exit                                 
0     0000b7d9  _InitPieVectTable                     
1     00000400  __stack                               
1     00000600  __STACK_END                           
1     00000b00  _AdcaResultRegs                       
1     00000b20  _AdcbResultRegs                       
1     00000b40  _AdccResultRegs                       
1     00000b60  _AdcdResultRegs                       
1     00000c00  _CpuTimer0Regs                        
1     00000c08  _CpuTimer1Regs                        
1     00000c10  _CpuTimer2Regs                        
1     00000ce0  _PieCtrlRegs                          
1     00000d00  _PieVectTable                         
1     00001000  _DmaRegs                              
1     00001400  _Cla1Regs                             
1     00003000  _Clb1LogicCfgRegs                     
1     00003100  _Clb1LogicCtrlRegs                    
1     00003200  _Clb1DataExchRegs                     
1     00003400  _Clb2LogicCfgRegs                     
1     00003500  _Clb2LogicCtrlRegs                    
1     00003600  _Clb2DataExchRegs                     
1     00003800  _Clb3LogicCfgRegs                     
1     00003900  _Clb3LogicCtrlRegs                    
1     00003a00  _Clb3DataExchRegs                     
1     00003c00  _Clb4LogicCfgRegs                     
1     00003d00  _Clb4LogicCtrlRegs                    
1     00003e00  _Clb4DataExchRegs                     
1     00004000  _EPwm1Regs                            
1     00004100  _EPwm2Regs                            
1     00004200  _EPwm3Regs                            
1     00004300  _EPwm4Regs                            
1     00004400  _EPwm5Regs                            
1     00004500  _EPwm6Regs                            
1     00004600  _EPwm7Regs                            
1     00004700  _EPwm8Regs                            
1     00004800  _EPwm9Regs                            
1     00004900  _EPwm10Regs                           
1     00004a00  _EPwm11Regs                           
1     00004b00  _EPwm12Regs                           
1     00005000  _ECap1Regs                            
1     00005020  _ECap2Regs                            
1     00005040  _ECap3Regs                            
1     00005060  _ECap4Regs                            
1     00005080  _ECap5Regs                            
1     000050a0  _ECap6Regs                            
1     00005100  _EQep1Regs                            
1     00005140  _EQep2Regs                            
1     00005180  _EQep3Regs                            
1     00005c00  _DacaRegs                             
1     00005c10  _DacbRegs                             
1     00005c20  _DaccRegs                             
1     00005c80  _Cmpss1Regs                           
1     00005ca0  _Cmpss2Regs                           
1     00005cc0  _Cmpss3Regs                           
1     00005ce0  _Cmpss4Regs                           
1     00005d00  _Cmpss5Regs                           
1     00005d20  _Cmpss6Regs                           
1     00005d40  _Cmpss7Regs                           
1     00005d60  _Cmpss8Regs                           
1     00005e00  _Sdfm1Regs                            
1     00005e80  _Sdfm2Regs                            
1     00006000  _McbspaRegs                           
1     00006040  _McbspbRegs                           
1     00006100  _SpiaRegs                             
1     00006110  _SpibRegs                             
1     00006120  _SpicRegs                             
1     00006200  _UppRegs                              
1     00007000  _WdRegs                               
1     00007060  _NmiIntruptRegs                       
1     00007070  _XintRegs                             
1     00007200  _SciaRegs                             
1     00007210  _ScibRegs                             
1     00007220  _ScicRegs                             
1     00007230  _ScidRegs                             
1     00007300  _I2caRegs                             
1     00007340  _I2cbRegs                             
1     00007400  _AdcaRegs                             
1     00007480  _AdcbRegs                             
1     00007500  _AdccRegs                             
1     00007580  _AdcdRegs                             
1     00007900  _InputXbarRegs                        
1     00007920  _XbarRegs                             
1     00007940  _SyncSocRegs                          
1     00007980  _DmaClaSrcSelRegs                     
1     00007a00  _EPwmXbarRegs                         
1     00007a40  _ClbXbarRegs                          
1     00007a80  _OutputXbarRegs                       
1     00007c00  _GpioCtrlRegs                         
1     00007f00  _GpioDataRegs                         
1     0000a800  _plot2                                
1     0000a990  _CpuTimer0                            
1     0000a998  _CpuTimer1                            
1     0000a9a0  _CpuTimer2                            
1     0000a9bc  __lock                                
1     0000a9be  __unlock                              
1     0000a9c0  _plot                                 
1     0000ab50  ___TI_enable_exit_profile_output      
1     0000ab52  ___TI_cleanup_ptr                     
1     0000ab54  ___TI_dtors_ptr                       
1     0000ab56  _errno                                
1     0000ab80  _send                                 
1     0000ab81  _turn_off_command                     
1     0000ab82  _turn_on_command                      
1     0000ab83  _set_new_ref                          
1     0000ab84  _calibration                          
1     0000ab85  _turnon_calibration                   
1     0000ab86  _new_pos                              
1     0000ab87  _old_pos                              
1     0000ab88  _index_cal                            
1     0000ab89  _flag_Ra_OK                           
1     0000ab8a  _flag_Rb_OK                           
1     0000ab8b  _flag_AC                              
1     0000ab8c  _eNewEvent                            
1     0000ab8d  _eNextState                           
1     0000ab8e  _TS_RefGen                            
1     0000ab90  _adc1                                 
1     0000ab92  _adc2                                 
1     0000ab94  _adc3                                 
1     0000ab96  _sensor_1                             
1     0000ab98  _sensor_2                             
1     0000ab9a  _w_nom                                
1     0000ab9c  _new_amp                              
1     0000ab9e  _new_f                                
1     0000aba0  _Imax                                 
1     0000aba2  _soma                                 
1     0000aba4  _frequencia                           
1     0000aba6  _wma                                  
1     0000aba8  _wmb                                  
1     0000abaa  _wmc                                  
1     0000abac  _modulo                               
1     0000abae  _V_alpha                              
1     0000abb0  _V_beta                               
1     0000abb2  _teta                                 
1     0000abb4  _delta_pos                            
1     0000abb6  _rpm                                  
1     0000abb8  _avg_rpm                              
1     0000abba  _index_rpm                            
1     0000abbc  _period                               
1     0000abbe  _p_adc                                
1     0000abc0  _avg_plot                             
1     0000abc2  _sum_avg                              
1     0000abc4  _p_adc2                               
1     0000abc6  _avg_plot2                            
1     0000abc8  _sum_avg2                             
1     0000abca  _index                                
1     0000abcc  _Ts                                   
1     0000abce  _offset1                              
1     0000abd0  _offset2                              
1     0000abd2  _offset3                              
1     0000abd4  _v_ref                                
1     0000abd6  _v_bus                                
1     0000abd8  _rgen                                 
1     0000abfa  _PieVectTableInit                     
1     00047000  _Emif1Regs                            
1     00047800  _Emif2Regs                            
1     00048000  _CanaRegs                             
1     0004a000  _CanbRegs                             
1     00050000  _IpcRegs                              
1     00050024  _FlashPumpSemaphoreRegs               
1     0005d000  _DevCfgRegs                           
1     0005d180  _AnalogSubsysRegs                     
1     0005d200  _ClkCfgRegs                           
1     0005d300  _CpuSysRegs                           
1     0005e608  _RomPrefetchRegs                      
1     0005f000  _DcsmZ1Regs                           
1     0005f040  _DcsmZ2Regs                           
1     0005f070  _DcsmCommonRegs                       
1     0005f400  _MemCfgRegs                           
1     0005f480  _Emif1ConfigRegs                      
1     0005f4a0  _Emif2ConfigRegs                      
1     0005f4c0  _AccessProtectionRegs                 
1     0005f500  _MemoryErrorRegs                      
1     0005f540  _RomWaitStateRegs                     
1     0005f800  _Flash0CtrlRegs                       
1     0005fb00  _Flash0EccRegs                        
abs   00000200  __STACK_SIZE                          
abs   ffffffff  .text                                 
abs   ffffffff  ___TI_pprof_out_hndl                  
abs   ffffffff  ___TI_prof_data_size                  
abs   ffffffff  ___TI_prof_data_start                 
abs   ffffffff  ___binit__                            
abs   ffffffff  ___c_args__                           
abs   ffffffff  ___etext__                            
abs   ffffffff  ___pinit__                            
abs   ffffffff  ___text__                             
abs   ffffffff  binit                                 
abs   ffffffff  etext                                 
abs   ffffffff  pinit                                 

[417 symbols]
